// Jest Snapshot v1, https://goo.gl/fbAQLP

exports[`@Home render should render default home page 1`] = `
<div>
  <div>
    ...Loading
  </div>
</div>
`;
